
[1m[46m RUN [49m[22m [36mv4.0.18 [39m[90mC:/Users/Antidote/Desktop/vertex/vertexloans/backend[39m

[90mstdout[2m | tests/health.test.ts
[22m[39m[dotenv@17.3.1] injecting env (0) from .env -- tip: ΓÜÖ∩╕Å  load multiple .env files with { path: ['.env.local', '.env'] }

[90mstdout[2m | tests/health.test.ts
[22m[39m[dotenv@17.3.1] injecting env (0) from .env -- tip: ΓÜÖ∩╕Å  write to custom object with { processEnv: myObject }

 [32mΓ£ô[39m tests/health.test.ts[2m > [22mBackend Health Check[2m > [22mGET / should return 200 OK[32m 36[2mms[22m[39m
 [32mΓ£ô[39m tests/health.test.ts[2m > [22mBackend Health Check[2m > [22mshould return 404 for unknown routes[32m 7[2mms[22m[39m
 [32mΓ£ô[39m tests/health.test.ts[2m > [22mAuth Guards - Protected Routes Reject Without Token[2m > [22mGET /api/auth/profile should reject without auth[33m 3042[2mms[22m[39m
node.exe : [90mstderr[2m 
| tests/health.test.ts[2m 
> [22m[2mAuth Guards - 
Protected Routes Reject 
Without Token[2m > 
[22m[2mGET 
/api/auth/profile should 
reject with invalid token
At line:1 char:1
+ & "C:\Program 
Files\nodejs/node.exe" 
"C:\Program 
Files\nodejs/node_mo ...
+ ~~~~~~~~~~~~~~~~~~~~~~~~~
~~~~~~~~~~~~~~~~~~~~~~~~~~~
~~~~~~~~~~~~~~~~~
    + CategoryInfo         
     : NotSpecified: ([9  
  0mstderr[2m...h inval   
 id token:String) [], R    
emoteException
    + FullyQualifiedErrorI 
   d : NativeCommandError
 
[22m[39mJsonWebTokenError
: jwt malformed
    at 
Object.module.exports [as 
verify] [90m(C:\Users\Anti
dote\Desktop\vertex\vertexl
oans\backend\[39mnode_modu
les\[4mjsonwebtoken[24m\v
erify.js:70:17[90m)[39m
    at protect (C:/Users/An
tidote/Desktop/vertex/verte
xloans/backend/src/middlewa
re/auth.ts:19:33)
    at Layer.handleRequest 
[90m(C:\Users\Antidote\Des
ktop\vertex\vertexloans\bac
kend\[39mnode_modules\[4m
router[24m\lib\layer.js:15
2:17[90m)[39m
    at next [90m(C:\Users\
Antidote\Desktop\vertex\ver
texloans\backend\[39mnode_
modules\[4mrouter[24m\lib
\route.js:157:13[90m)[39m
    at Route.dispatch [90m
(C:\Users\Antidote\Desktop\
vertex\vertexloans\backend\
[39mnode_modules\[4mroute
r[24m\lib\route.js:117:3[
90m)[39m
    at handle [90m(C:\User
s\Antidote\Desktop\vertex\v
ertexloans\backend\[39mnod
e_modules\[4mrouter[24m\i
ndex.js:435:11[90m)[39m
    at Layer.handleRequest 
[90m(C:\Users\Antidote\Des
ktop\vertex\vertexloans\bac
kend\[39mnode_modules\[4m
router[24m\lib\layer.js:15
2:17[90m)[39m
    at [90mC:\Users\Antido
te\Desktop\vertex\vertexloa
ns\backend\[39mnode_module
s\[4mrouter[24m\index.js:
295:15
    at processParams [90m(
C:\Users\Antidote\Desktop\v
ertex\vertexloans\backend\
[39mnode_modules\[4mrouter
[24m\index.js:582:12[90m)
[39m
    at next [90m(C:\Users\
Antidote\Desktop\vertex\ver
texloans\backend\[39mnode_
modules\[4mrouter[24m\ind
ex.js:291:5[90m)[39m

 [32mΓ£ô[39m tests/health.test.ts[2m > [22mAuth Guards - Protected Routes Reject Without Token[2m > [22mGET /api/auth/profile should reject with invalid token[33m 411[2mms[22m[39m
 [32mΓ£ô[39m tests/health.test.ts[2m > [22mAuth Guards - Protected Routes Reject Without Token[2m > [22mGET /api/applications/my should reject without auth[33m 394[2mms[22m[39m
 [32mΓ£ô[39m tests/health.test.ts[2m > [22mAuth Guards - Protected Routes Reject Without Token[2m > [22mPOST /api/applications/create should reject without auth[33m 417[2mms[22m[39m
 [32mΓ£ô[39m tests/health.test.ts[2m > [22mAuth Guards - Protected Routes Reject Without Token[2m > [22mGET /api/loans/active should reject without auth[32m 4[2mms[22m[39m
 [32mΓ£ô[39m tests/health.test.ts[2m > [22mAuth Guards - Protected Routes Reject Without Token[2m > [22mPOST /api/loans/repay should reject without auth[32m 7[2mms[22m[39m
 [32mΓ£ô[39m tests/health.test.ts[2m > [22mAdmin Guards - Admin Routes Reject Without Token[2m > [22mGET /api/admin/applications should reject without auth[32m 5[2mms[22m[39m
 [31m├ù[39m tests/health.test.ts[2m > [22mAdmin Guards - Admin Routes Reject Without Token[2m > [22mGET /api/admin/settings should reject without auth[32m 11[2mms[22m[39m
[31m   ΓåÆ expected 404 to be 401 // Object.is equality[39m
 [31m├ù[39m tests/health.test.ts[2m > [22mAdmin Guards - Admin Routes Reject Without Token[2m > [22mPUT /api/admin/settings should reject without auth[32m 8[2mms[22m[39m
[31m   ΓåÆ expected 404 to be 401 // Object.is equality[39m
 [32mΓ£ô[39m tests/health.test.ts[2m > [22mAdmin Guards - Admin Routes Reject Without Token[2m > [22mGET /api/admin/analytics should reject without auth[32m 4[2mms[22m[39m
 [32mΓ£ô[39m tests/health.test.ts[2m > [22mAdmin Guards - Admin Routes Reject Without Token[2m > [22mGET /api/admin/loans should reject without auth[32m 5[2mms[22m[39m
 [32mΓ£ô[39m tests/health.test.ts[2m > [22mAdmin Guards - Admin Routes Reject Without Token[2m > [22mPUT /api/admin/applications/1/status should reject without auth[32m 5[2mms[22m[39m
 [32mΓ£ô[39m tests/health.test.ts[2m > [22mAdmin Guards - Admin Routes Reject Without Token[2m > [22mPUT /api/admin/applications/1/progress should reject without auth[32m 3[2mms[22m[39m
[90mstdout[2m | tests/health.test.ts[2m > [22m[2mRoute Existence[2m > [22m[2mPOST /api/auth/register endpoint exists
[22m[39m[2026-02-19T13:46:59.843Z] Form submission - Type: user_registration, IP: ::ffff:127.0.0.1, User-Agent: undefined

 [32mΓ£ô[39m tests/health.test.ts[2m > [22mRoute Existence[2m > [22mPOST /api/auth/register endpoint exists[33m 412[2mms[22m[39m
[90mstdout[2m | tests/health.test.ts[2m > [22m[2mRoute Existence[2m > [22m[2mPOST /api/auth/login endpoint exists
[22m[39m[2026-02-19T13:47:00.234Z] Form submission - Type: user_login, IP: ::ffff:127.0.0.1, User-Agent: undefined

 [32mΓ£ô[39m tests/health.test.ts[2m > [22mRoute Existence[2m > [22mPOST /api/auth/login endpoint exists[33m 394[2mms[22m[39m
[90mstderr[2m | 
tests/health.test.ts[2m > 
[22m[2mRoute 
Existence[2m > 
[22m[2mPOST 
/api/admin/login endpoint 
exists
[22m[39mPrismaClientValid
ationError: 
Invalid 
`prisma.user.findUnique()` 
invocation in
C:/Users/Antidote/Desktop/v
ertex/vertexloans/backend/s
rc/controllers/authControll
er.ts:204:36

  201 try {
  202   const { email, 
password } = req.body;
  203 
ΓåÆ 204   const user = 
await 
prisma.user.findUnique({
          where: {
            email: 
undefined,
        ?   id?: Int,
        ?   phone?: String,
        ?   googleId?: 
String,
        ?   facebookId?: 
String,
        ?   telegramId?: 
String,
        ?   idNumber?: 
String,
        ?   AND?: 
UserWhereInput | 
UserWhereInput[],
        ?   OR?: 
UserWhereInput[],
        ?   NOT?: 
UserWhereInput | 
UserWhereInput[],
        ?   fullName?: 
StringFilter | String,
        ?   passwordHash?: 
StringNullableFilter | 
String | Null,
        ?   kycStatus?: 
EnumKycStatusFilter | 
KycStatus,
        ?   isVerified?: 
BoolFilter | Boolean,
        ?   bankName?: 
StringNullableFilter | 
String | Null,
        ?   
accountNumber?: 
StringNullableFilter | 
String | Null,
        ?   payBill?: 
StringNullableFilter | 
String | Null,
        ?   otpCode?: 
StringNullableFilter | 
String | Null,
        ?   otpExpiry?: 
DateTimeNullableFilter | 
DateTime | Null,
        ?   idPhotoPath?: 
StringNullableFilter | 
String | Null,
        ?   
profilePhotoPath?: 
StringNullableFilter | 
String | Null,
        ?   dateOfBirth?: 
DateTimeNullableFilter | 
DateTime | Null,
        ?   address?: 
StringNullableFilter | 
String | Null,
        ?   city?: 
StringNullableFilter | 
String | Null,
        ?   county?: 
StringNullableFilter | 
String | Null,
        ?   postalCode?: 
StringNullableFilter | 
String | Null,
        ?   occupation?: 
StringNullableFilter | 
String | Null,
        ?   
monthlyIncome?: 
DecimalNullableFilter | 
Decimal | Null,
        ?   role?: 
EnumRoleFilter | Role,
        ?   createdAt?: 
DateTimeFilter | DateTime,
        ?   updatedAt?: 
DateTimeFilter | DateTime,
        ?   kycDocuments?: 
KycDocumentListRelationFilt
er,
        ?   applications?: 
ApplicationListRelationFilt
er,
        ?   transactions?: 
TransactionListRelationFilt
er,
        ?   charges?: 
ChargeListRelationFilter,
        ?   
notifications?: Notificatio
nListRelationFilter
          }
        })

Argument `where` of type 
UserWhereUniqueInput needs 
at least one of `id`, 
`email`, `phone`, 
`googleId`, `facebookId`, 
`telegramId` or `idNumber` 
arguments. Available 
options are marked with ?.
    at Nn [90m(C:\Users\An
tidote\Desktop\vertex\verte
xloans\backend\[39mnode_mo
dules\[4m@prisma\client[2
4m\runtime\library.js:29:13
63[90m)[39m
    at 
ei.handleRequestError [90m
(C:\Users\Antidote\Desktop\
vertex\vertexloans\backend\
[39mnode_modules\[4m@pris
ma\client[24m\runtime\libr
ary.js:121:6911[90m)[39m
    at ei.handleAndLogReque
stError [90m(C:\Users\Anti
dote\Desktop\vertex\vertexl
oans\backend\[39mnode_modu
les\[4m@prisma\client[24m
\runtime\library.js:121:659
3[90m)[39m
    at ei.request [90m(C:\
Users\Antidote\Desktop\vert
ex\vertexloans\backend\[39
mnode_modules\[4m@prisma\c
lient[24m\runtime\library.
js:121:6300[90m)[39m
    at a [90m(C:\Users\Ant
idote\Desktop\vertex\vertex
loans\backend\[39mnode_mod
ules\[4m@prisma\client[24
m\runtime\library.js:130:95
51[90m)[39m
    at adminLogin (C:/Users
/Antidote/Desktop/vertex/ve
rtexloans/backend/src/contr
ollers/authController.ts:20
4:18) {
  clientVersion: 
[32m'6.19.2'[39m
}

 [32mΓ£ô[39m tests/health.test.ts[2m > [22mRoute Existence[2m > [22mPOST /api/admin/login endpoint exists[32m 21[2mms[22m[39m
[90mstdout[2m | tests/health.test.ts[2m > [22m[2mRoute Existence[2m > [22m[2mPOST /api/auth/google endpoint exists
[22m[39m[2026-02-19T13:47:00.643Z] Form submission - Type: google_login, IP: ::ffff:127.0.0.1, User-Agent: undefined

 [32mΓ£ô[39m tests/health.test.ts[2m > [22mRoute Existence[2m > [22mPOST /api/auth/google endpoint exists[33m 382[2mms[22m[39m
[90mstdout[2m | tests/health.test.ts[2m > [22m[2mRoute Existence[2m > [22m[2mPOST /api/auth/facebook endpoint exists
[22m[39m[2026-02-19T13:47:01.041Z] Form submission - Type: facebook_login, IP: ::ffff:127.0.0.1, User-Agent: undefined

 [32mΓ£ô[39m tests/health.test.ts[2m > [22mRoute Existence[2m > [22mPOST /api/auth/facebook endpoint exists[33m 399[2mms[22m[39m
[90mstdout[2m | tests/health.test.ts[2m > [22m[2mRoute Existence[2m > [22m[2mPOST /api/auth/telegram endpoint exists
[22m[39m[2026-02-19T13:47:01.431Z] Form submission - Type: telegram_login, IP: ::ffff:127.0.0.1, User-Agent: undefined

 [32mΓ£ô[39m tests/health.test.ts[2m > [22mRoute Existence[2m > [22mPOST /api/auth/telegram endpoint exists[33m 389[2mms[22m[39m
 [32mΓ£ô[39m tests/health.test.ts[2m > [22mRoute Existence[2m > [22mGET /api/public/settings endpoint exists[33m 767[2mms[22m[39m
 [32mΓ£ô[39m tests/health.test.ts[2m > [22mRoute Existence[2m > [22mPOST /api/public/contact endpoint exists[32m 8[2mms[22m[39m
 [32mΓ£ô[39m tests/health.test.ts[2m > [22mAdmin Credentials Validation[2m > [22madmin email format is valid[32m 0[2mms[22m[39m
 [32mΓ£ô[39m tests/health.test.ts[2m > [22mAdmin Credentials Validation[2m > [22madmin password meets security requirements[32m 0[2mms[22m[39m
 [32mΓ£ô[39m tests/health.test.ts[2m > [22mConfiguration[2m > [22mconfig module loads correctly[32m 0[2mms[22m[39m
 [32mΓ£ô[39m tests/health.test.ts[2m > [22mConfiguration[2m > [22mresponse helper works[32m 0[2mms[22m[39m

[31mΓÄ»ΓÄ»ΓÄ»ΓÄ»ΓÄ»ΓÄ»ΓÄ»
[39m[1m[41m Failed Tests 
2 [49m[22m[31mΓÄ»ΓÄ»ΓÄ»Γ
Ä»ΓÄ»ΓÄ»ΓÄ»[39m

[41m[1m FAIL [22m[49m 
tests/health.test.ts[2m > 
[22mAdmin Guards - Admin 
Routes Reject Without 
Token[2m > [22mGET 
/api/admin/settings should 
reject without auth
[31m[1mAssertionError[22
m: expected 404 to be 401 
// Object.is equality[39m

[32m- Expected[39m
[31m+ Received[39m

[32m- 401[39m
[31m+ 404[39m

[36m [2mΓ¥»[22m tests/he
alth.test.ts:[2m69:28[22m
[39m
    [90m 67| [39m    
it('GET 
/api/admin/settings should 
reject without auth', 
async () ΓÇª
    [90m 68| [39m        
[35mconst[39m res 
[33m=[39m 
[35mawait[39m [34mreques
t[39m(app)[33m.[39m[35m
get[39m([32m'/api/admin/s
ettings'[39m)[33m;[39m
    [90m 69| [39m        
[34mexpect[39m(res[33m.
[39mstatus)[33m.[39m[34m
toBe[39m([34m401[39m)[3
3m;[39m
    [90m   | [39m        
                   
[31m^[39m
    [90m 70| [39m    
})[33m;[39m
    [90m 71| [39m

[31m[2mΓÄ»ΓÄ»ΓÄ»ΓÄ»ΓÄ»ΓÄ»
ΓÄ»ΓÄ»ΓÄ»ΓÄ»ΓÄ»ΓÄ»ΓÄ»ΓÄ»ΓÄ»
ΓÄ»ΓÄ»ΓÄ»ΓÄ»ΓÄ»ΓÄ»ΓÄ»ΓÄ»ΓÄ»
[1/2]ΓÄ»[22m[39m

[41m[1m FAIL [22m[49m 
tests/health.test.ts[2m > 
[22mAdmin Guards - Admin 
Routes Reject Without 
Token[2m > [22mPUT 
/api/admin/settings should 
reject without auth
[31m[1mAssertionError[22
m: expected 404 to be 401 
// Object.is equality[39m

[32m- Expected[39m
[31m+ Received[39m

[32m- 401[39m
[31m+ 404[39m

[36m [2mΓ¥»[22m tests/he
alth.test.ts:[2m76:28[22m
[39m
    [90m 74| [39m        
    [33m.[39m[34mput[39
m([32m'/api/admin/settings
'[39m)
    [90m 75| [39m        
    [33m.[39m[34msend[3
9m({ minAmount[33m:[39m 
[34m10000[39m 
})[33m;[39m
    [90m 76| [39m        
[34mexpect[39m(res[33m.
[39mstatus)[33m.[39m[34m
toBe[39m([34m401[39m)[3
3m;[39m
    [90m   | [39m        
                   
[31m^[39m
    [90m 77| [39m    
})[33m;[39m
    [90m 78| [39m

[31m[2mΓÄ»ΓÄ»ΓÄ»ΓÄ»ΓÄ»ΓÄ»
ΓÄ»ΓÄ»ΓÄ»ΓÄ»ΓÄ»ΓÄ»ΓÄ»ΓÄ»ΓÄ»
ΓÄ»ΓÄ»ΓÄ»ΓÄ»ΓÄ»ΓÄ»ΓÄ»ΓÄ»ΓÄ»
[2/2]ΓÄ»[22m[39m


[2m Test Files [22m [1m[31m1 failed[39m[22m[90m (1)[39m
[2m      Tests [22m [1m[31m2 failed[39m[22m[2m | [22m[1m[32m25 passed[39m[22m[90m (27)[39m
[2m   Start at [22m 16:46:53
[2m   Duration [22m 8.32s[2m (transform 385ms, setup 0ms, import 911ms, tests 7.14s, environment 0ms)[22m

